ERC report (2026-10-02T14:03:56, Encoding UTF8)
Report includes: Errors, Warnings

***** Sheet /
[duplicate_reference]: Duplicate items R12

    ; error
    @(38.10 mm, 115.57 mm): Symbol R12 [R]
    @(231.14 mm, 25.40 mm): Symbol R12 [R]
[duplicate_reference]: Duplicate items R14

    ; error
    @(38.10 mm, 166.37 mm): Symbol R14 [R]
    @(231.14 mm, 50.80 mm): Symbol R14 [R]
[duplicate_reference]: Duplicate items R16

    ; error
    @(209.55 mm, 142.24 mm): Symbol R16 [R]
    @(231.14 mm, 71.12 mm): Symbol R16 [R]
[pin_not_driven]: Input pin not driven by any Output pins
    ; error
    @(269.24 mm, 30.48 mm): Symbol U8 Pin 1 [1, Input, Line]
[pin_not_driven]: Input pin not driven by any Output pins
    ; error
    @(269.24 mm, 45.72 mm): Symbol U8 Pin 3 [3, Input, Line]
[power_pin_not_driven]: Input Power pin not driven by any Output Power pins
    ; error
    @(347.98 mm, 34.29 mm): Symbol #PWR02 Pin 1 [Power input, Line]
[footprint_link_issues]: The current configuration does not include the footprint library 'Custom_Pads'
    ; warning
    @(31.75 mm, 204.47 mm): Symbol PAD3 [TestPoint_Square]
[footprint_link_issues]: The current configuration does not include the footprint library 'Custom_Pads'
    ; warning
    @(31.75 mm, 218.44 mm): Symbol PAD4 [TestPoint_Square]
[footprint_link_issues]: The current configuration does not include the footprint library 'Custom_Pads'
    ; warning
    @(31.75 mm, 232.41 mm): Symbol PAD5 [TestPoint_Square]
[pin_to_pin]: Pins of type Unspecified and Passive are connected
    ; warning
    @(38.10 mm, 58.42 mm): Symbol Q1 Pin 4 [G, Unspecified, Line]
    @(38.10 mm, 58.42 mm): Symbol R4 Pin 2 [Passive, Line]
[pin_to_pin]: Pins of type Unspecified and Passive are connected
    ; warning
    @(38.10 mm, 82.55 mm): Symbol Q2 Pin 4 [G, Unspecified, Line]
    @(38.10 mm, 82.55 mm): Symbol R5 Pin 2 [Passive, Line]
[pin_to_pin]: Pins of type Unspecified and Passive are connected
    ; warning
    @(38.10 mm, 109.22 mm): Symbol Q3 Pin 4 [G, Unspecified, Line]
    @(38.10 mm, 109.22 mm): Symbol R6 Pin 2 [Passive, Line]
[pin_to_pin]: Pins of type Unspecified and Passive are connected
    ; warning
    @(38.10 mm, 134.62 mm): Symbol Q4 Pin 4 [G, Unspecified, Line]
    @(38.10 mm, 134.62 mm): Symbol R7 Pin 2 [Passive, Line]
[pin_to_pin]: Pins of type Unspecified and Passive are connected
    ; warning
    @(38.10 mm, 160.02 mm): Symbol Q5 Pin 4 [G, Unspecified, Line]
    @(38.10 mm, 160.02 mm): Symbol R8 Pin 2 [Passive, Line]
[pin_to_pin]: Pins of type Unspecified and Passive are connected
    ; warning
    @(38.10 mm, 182.88 mm): Symbol Q6 Pin 4 [G, Unspecified, Line]
    @(38.10 mm, 182.88 mm): Symbol R9 Pin 2 [Passive, Line]
[pin_to_pin]: Pins of type Unspecified and Passive are connected
    ; warning
    @(45.72 mm, 53.34 mm): Symbol Q1 Pin 5 [D, Unspecified, Line]
    @(45.72 mm, 48.26 mm): Symbol C2 Pin 2 [Passive, Line]
[pin_to_pin]: Pins of type Unspecified and Unspecified are connected
    ; warning
    @(45.72 mm, 63.50 mm): Symbol Q1 Pin 1 [S, Unspecified, Line]
    @(48.26 mm, 63.50 mm): Symbol Q1 Pin 2 [S, Unspecified, Line]
[pin_to_pin]: Pins of type Unspecified and Passive are connected
    ; warning
    @(45.72 mm, 77.47 mm): Symbol Q2 Pin 5 [D, Unspecified, Line]
    @(38.10 mm, 68.58 mm): Symbol R10 Pin 1 [Passive, Line]
[pin_to_pin]: Pins of type Unspecified and Unspecified are connected
    ; warning
    @(45.72 mm, 87.63 mm): Symbol Q2 Pin 1 [S, Unspecified, Line]
    @(48.26 mm, 87.63 mm): Symbol Q2 Pin 2 [S, Unspecified, Line]
[pin_to_pin]: Pins of type Unspecified and Passive are connected
    ; warning
    @(45.72 mm, 104.14 mm): Symbol Q3 Pin 5 [D, Unspecified, Line]
    @(43.18 mm, 102.87 mm): Symbol C4 Pin 2 [Passive, Line]
[pin_to_pin]: Pins of type Unspecified and Unspecified are connected
    ; warning
    @(45.72 mm, 114.30 mm): Symbol Q3 Pin 1 [S, Unspecified, Line]
    @(48.26 mm, 114.30 mm): Symbol Q3 Pin 2 [S, Unspecified, Line]
[pin_to_pin]: Pins of type Unspecified and Passive are connected
    ; warning
    @(45.72 mm, 129.54 mm): Symbol Q4 Pin 5 [D, Unspecified, Line]
    @(38.10 mm, 119.38 mm): Symbol R12 Pin 1 [Passive, Line]
[pin_to_pin]: Pins of type Unspecified and Unspecified are connected
    ; warning
    @(45.72 mm, 139.70 mm): Symbol Q4 Pin 1 [S, Unspecified, Line]
    @(48.26 mm, 139.70 mm): Symbol Q4 Pin 2 [S, Unspecified, Line]
[pin_to_pin]: Pins of type Unspecified and Passive are connected
    ; warning
    @(45.72 mm, 154.94 mm): Symbol Q5 Pin 5 [D, Unspecified, Line]
    @(50.80 mm, 154.94 mm): Symbol C7 Pin 2 [Passive, Line]
[pin_to_pin]: Pins of type Unspecified and Unspecified are connected
    ; warning
    @(45.72 mm, 165.10 mm): Symbol Q5 Pin 1 [S, Unspecified, Line]
    @(48.26 mm, 165.10 mm): Symbol Q5 Pin 2 [S, Unspecified, Line]
[pin_to_pin]: Pins of type Unspecified and Passive are connected
    ; warning
    @(45.72 mm, 177.80 mm): Symbol Q6 Pin 5 [D, Unspecified, Line]
    @(38.10 mm, 170.18 mm): Symbol R14 Pin 1 [Passive, Line]
[pin_to_pin]: Pins of type Unspecified and Unspecified are connected
    ; warning
    @(45.72 mm, 187.96 mm): Symbol Q6 Pin 1 [S, Unspecified, Line]
    @(48.26 mm, 187.96 mm): Symbol Q6 Pin 2 [S, Unspecified, Line]
[pin_to_pin]: Pins of type Unspecified and Unspecified are connected
    ; warning
    @(48.26 mm, 63.50 mm): Symbol Q1 Pin 2 [S, Unspecified, Line]
    @(50.80 mm, 63.50 mm): Symbol Q1 Pin 3 [S, Unspecified, Line]
[pin_to_pin]: Pins of type Unspecified and Unspecified are connected
    ; warning
    @(48.26 mm, 87.63 mm): Symbol Q2 Pin 2 [S, Unspecified, Line]
    @(50.80 mm, 87.63 mm): Symbol Q2 Pin 3 [S, Unspecified, Line]
[pin_to_pin]: Pins of type Unspecified and Unspecified are connected
    ; warning
    @(48.26 mm, 114.30 mm): Symbol Q3 Pin 2 [S, Unspecified, Line]
    @(50.80 mm, 114.30 mm): Symbol Q3 Pin 3 [S, Unspecified, Line]
[pin_to_pin]: Pins of type Unspecified and Unspecified are connected
    ; warning
    @(48.26 mm, 139.70 mm): Symbol Q4 Pin 2 [S, Unspecified, Line]
    @(50.80 mm, 139.70 mm): Symbol Q4 Pin 3 [S, Unspecified, Line]
[pin_to_pin]: Pins of type Unspecified and Unspecified are connected
    ; warning
    @(48.26 mm, 165.10 mm): Symbol Q5 Pin 2 [S, Unspecified, Line]
    @(50.80 mm, 165.10 mm): Symbol Q5 Pin 3 [S, Unspecified, Line]
[pin_to_pin]: Pins of type Unspecified and Unspecified are connected
    ; warning
    @(48.26 mm, 187.96 mm): Symbol Q6 Pin 2 [S, Unspecified, Line]
    @(50.80 mm, 187.96 mm): Symbol Q6 Pin 3 [S, Unspecified, Line]
[pin_to_pin]: Pins of type Unspecified and Power input are connected
    ; warning
    @(49.53 mm, 259.08 mm): Symbol U7 Pin 2 [GND, Unspecified, Line]
    @(39.37 mm, 271.78 mm): Symbol #PWR048 Pin 1 [Power input, Line]
[pin_to_pin]: Pins of type Unspecified and Passive are connected
    ; warning
    @(49.53 mm, 261.62 mm): Symbol U7 Pin 3 [VCC, Unspecified, Line]
    @(36.83 mm, 261.62 mm): Symbol C16 Pin 2 [Passive, Line]
[pin_to_pin]: Pins of type Unspecified and Passive are connected
    ; warning
    @(50.80 mm, 63.50 mm): Symbol Q1 Pin 3 [S, Unspecified, Line]
    @(38.10 mm, 68.58 mm): Symbol R10 Pin 1 [Passive, Line]
[pin_to_pin]: Pins of type Unspecified and Passive are connected
    ; warning
    @(50.80 mm, 87.63 mm): Symbol Q2 Pin 3 [S, Unspecified, Line]
    @(38.10 mm, 93.98 mm): Symbol R11 Pin 1 [Passive, Line]
[pin_to_pin]: Pins of type Unspecified and Passive are connected
    ; warning
    @(50.80 mm, 114.30 mm): Symbol Q3 Pin 3 [S, Unspecified, Line]
    @(38.10 mm, 119.38 mm): Symbol R12 Pin 1 [Passive, Line]
[pin_to_pin]: Pins of type Unspecified and Passive are connected
    ; warning
    @(50.80 mm, 139.70 mm): Symbol Q4 Pin 3 [S, Unspecified, Line]
    @(38.10 mm, 146.05 mm): Symbol R13 Pin 1 [Passive, Line]
[pin_to_pin]: Pins of type Unspecified and Unspecified are connected
    ; warning
    @(50.80 mm, 165.10 mm): Symbol Q5 Pin 3 [S, Unspecified, Line]
    @(45.72 mm, 177.80 mm): Symbol Q6 Pin 5 [D, Unspecified, Line]
[pin_to_pin]: Pins of type Unspecified and Passive are connected
    ; warning
    @(50.80 mm, 187.96 mm): Symbol Q6 Pin 3 [S, Unspecified, Line]
    @(38.10 mm, 193.04 mm): Symbol R15 Pin 1 [Passive, Line]
[multiple_net_names]: Both R1_Kelvin (+) and SHUNT_U_IN are attached to the same items; R1_Kelvin (+) will be used in the netlist
    ; warning
    @(74.93 mm, 87.63 mm): Label 'R1_Kelvin (+)'
    @(57.15 mm, 87.63 mm): Label 'SHUNT_U_IN'
[multiple_net_names]: Both R2_Kelvin (+) and SHUNT_V_IN are attached to the same items; R2_Kelvin (+) will be used in the netlist
    ; warning
    @(232.41 mm, 123.19 mm): Label 'R2_Kelvin (+)'
    @(57.15 mm, 139.70 mm): Label 'SHUNT_V_IN'
[multiple_net_names]: Both R3_Kelvin (+) and SHUNT_W_IN are attached to the same items; R3_Kelvin (+) will be used in the netlist
    ; warning
    @(74.93 mm, 187.96 mm): Label 'R3_Kelvin (+)'
    @(58.42 mm, 187.96 mm): Label 'SHUNT_W_IN'
[pin_to_pin]: Pins of type Unspecified and Power input are connected
    ; warning
    @(69.85 mm, 256.54 mm): Symbol U7 Pin 8 [S, Unspecified, Line]
    @(77.47 mm, 250.19 mm): Symbol #PWR047 Pin 1 [Power input, Line]
[pin_to_pin]: Pins of type Unspecified and Passive are connected
    ; warning
    @(69.85 mm, 259.08 mm): Symbol U7 Pin 7 [CANH, Unspecified, Line]
    @(90.17 mm, 255.27 mm): Symbol R39 Pin 1 [Passive, Line]
[pin_to_pin]: Pins of type Unspecified and Passive are connected
    ; warning
    @(69.85 mm, 261.62 mm): Symbol U7 Pin 6 [CANL, Unspecified, Line]
    @(90.17 mm, 262.89 mm): Symbol R39 Pin 2 [Passive, Line]
[pin_to_pin]: Pins of type Unspecified and Passive are connected
    ; warning
    @(69.85 mm, 264.16 mm): Symbol U7 Pin 5 [VIO, Unspecified, Line]
    @(74.93 mm, 264.16 mm): Symbol C17 Pin 2 [Passive, Line]
[pin_to_pin]: Pins of type Unspecified and Passive are connected
    ; warning
    @(78.74 mm, 24.13 mm): Symbol D1 Pin 1 [Unspecified, Line]
    @(85.09 mm, 19.05 mm): Symbol PAD1 Pin 1 [1, Passive, Line]
[pin_to_pin]: Pins of type Unspecified and Power input are connected
    ; warning
    @(78.74 mm, 34.29 mm): Symbol D1 Pin 2 [Unspecified, Line]
    @(85.09 mm, 35.56 mm): Symbol #PWR065 Pin 1 [Power input, Line]
[footprint_link_issues]: The current configuration does not include the footprint library 'Custom_Pads'
    ; warning
    @(85.09 mm, 19.05 mm): Symbol PAD1 [TestPoint_Square]
[footprint_link_issues]: The current configuration does not include the footprint library 'Custom_Pads'
    ; warning
    @(85.09 mm, 30.48 mm): Symbol PAD2 [TestPoint_Square]
[pin_to_pin]: Pins of type Unspecified and Passive are connected
    ; warning
    @(102.87 mm, 25.40 mm): Symbol C1 Pin 1 [Unspecified, Line]
    @(106.68 mm, 24.13 mm): Symbol R22 Pin 1 [Passive, Line]
[pin_to_pin]: Pins of type Unspecified and Passive are connected
    ; warning
    @(102.87 mm, 33.02 mm): Symbol C1 Pin 2 [Unspecified, Line]
    @(101.60 mm, 20.32 mm): Symbol R40 Pin 2 [Passive, Line]
[pin_to_pin]: Pins of type Unspecified and Passive are connected
    ; warning
    @(123.19 mm, 245.11 mm): Symbol U9 Pin 1 [1, Unspecified, Line]
    @(90.17 mm, 255.27 mm): Symbol R39 Pin 1 [Passive, Line]
[pin_to_pin]: Pins of type Unspecified and Passive are connected
    ; warning
    @(123.19 mm, 260.35 mm): Symbol U9 Pin 2 [2, Unspecified, Line]
    @(90.17 mm, 262.89 mm): Symbol R39 Pin 2 [Passive, Line]
[pin_to_pin]: Pins of type Unspecified and Passive are connected
    ; warning
    @(138.43 mm, 124.46 mm): Symbol U1 Pin 7 [PG10-NRST, Unspecified, Line]
    @(127.00 mm, 124.46 mm): Symbol C12 Pin 1 [Passive, Line]
[pin_to_pin]: Pins of type Unspecified and Passive are connected
    ; warning
    @(138.43 mm, 142.24 mm): Symbol U1 Pin 1 [VBAT, Unspecified, Line]
    @(148.59 mm, 92.71 mm): Symbol C13 Pin 1 [Passive, Line]
[pin_to_pin]: Pins of type Unspecified and Unspecified are connected
    ; warning
    @(138.43 mm, 144.78 mm): Symbol U1 Pin 20 [VREF+, Unspecified, Line]
    @(166.37 mm, 92.71 mm): Symbol U1 Pin 21 [VDDA, Unspecified, Line]
[pin_to_pin]: Pins of type Unspecified and Passive are connected
    ; warning
    @(138.43 mm, 152.40 mm): Symbol U1 Pin 16 [PC4, Unspecified, Line]
    @(125.73 mm, 152.40 mm): Symbol C34 Pin 1 [Passive, Line]
[pin_to_pin]: Pins of type Unspecified and Passive are connected
    ; warning
    @(138.43 mm, 162.56 mm): Symbol U1 Pin 2 [PC13, Unspecified, Line]
    @(281.94 mm, 135.89 mm): Symbol R38 Pin 1 [Passive, Line]
[pin_to_pin]: Pins of type Unspecified and Unspecified are connected
    ; warning
    @(158.75 mm, 92.71 mm): Symbol U1 Pin 23 [VDD, Unspecified, Line]
    @(161.29 mm, 92.71 mm): Symbol U1 Pin 35 [VDD, Unspecified, Line]
[pin_to_pin]: Pins of type Unspecified and Passive are connected
    ; warning
    @(161.29 mm, 41.91 mm): Symbol U2 Pin 7 [GVDD, Unspecified, Line]
    @(147.32 mm, 41.91 mm): Symbol C19 Pin 2 [Passive, Line]
[pin_to_pin]: Pins of type Unspecified and Power input are connected
    ; warning
    @(161.29 mm, 44.45 mm): Symbol U2 Pin 8 [GND, Unspecified, Line]
    @(143.51 mm, 44.45 mm): Symbol #PWR063 Pin 1 [Power input, Line]
[pin_to_pin]: Pins of type Unspecified and Passive are connected
    ; warning
    @(161.29 mm, 46.99 mm): Symbol U2 Pin 9 [GLC, Unspecified, Line]
    @(30.48 mm, 182.88 mm): Symbol R9 Pin 1 [Passive, Line]
[pin_to_pin]: Pins of type Unspecified and Passive are connected
    ; warning
    @(161.29 mm, 49.53 mm): Symbol U2 Pin 10 [GLB, Unspecified, Line]
    @(30.48 mm, 134.62 mm): Symbol R7 Pin 1 [Passive, Line]
[pin_to_pin]: Pins of type Unspecified and Unspecified are connected
    ; warning
    @(161.29 mm, 92.71 mm): Symbol U1 Pin 35 [VDD, Unspecified, Line]
    @(163.83 mm, 92.71 mm): Symbol U1 Pin 48 [VDD, Unspecified, Line]
[pin_to_pin]: Pins of type Unspecified and Power input are connected
    ; warning
    @(162.56 mm, 199.39 mm): Symbol U1 Pin 49 [VSS, Unspecified, Line]
    @(162.56 mm, 203.20 mm): Symbol #PWR037 Pin 1 [Power input, Line]
[pin_to_pin]: Pins of type Unspecified and Passive are connected
    ; warning
    @(163.83 mm, 92.71 mm): Symbol U1 Pin 48 [VDD, Unspecified, Line]
    @(162.56 mm, 88.90 mm): Symbol C15 Pin 1 [Passive, Line]
[pin_to_pin]: Pins of type Unspecified and Power input are connected
    ; warning
    @(163.83 mm, 252.73 mm): Symbol U9 Pin 3 [3, Unspecified, Line]
    @(168.91 mm, 252.73 mm): Symbol #PWR050 Pin 1 [Power input, Line]
[pin_to_pin]: Pins of type Unspecified and Passive are connected
    ; warning
    @(166.37 mm, 92.71 mm): Symbol U1 Pin 21 [VDDA, Unspecified, Line]
    @(172.72 mm, 88.90 mm): Symbol C28 Pin 2 [Passive, Line]
[pin_to_pin]: Pins of type Unspecified and Passive are connected
    ; warning
    @(184.15 mm, 26.67 mm): Symbol U2 Pin 20 [BSTA, Unspecified, Line]
    @(207.01 mm, 24.13 mm): Symbol C8 Pin 2 [Passive, Line]
[pin_to_pin]: Pins of type Unspecified and Passive are connected
    ; warning
    @(184.15 mm, 29.21 mm): Symbol U2 Pin 19 [GHA, Unspecified, Line]
    @(30.48 mm, 58.42 mm): Symbol R4 Pin 1 [Passive, Line]
[pin_to_pin]: Pins of type Unspecified and Passive are connected
    ; warning
    @(184.15 mm, 31.75 mm): Symbol U2 Pin 18 [SHA, Unspecified, Line]
    @(207.01 mm, 31.75 mm): Symbol C8 Pin 1 [Passive, Line]
[pin_to_pin]: Pins of type Unspecified and Passive are connected
    ; warning
    @(184.15 mm, 34.29 mm): Symbol U2 Pin 17 [BSTB, Unspecified, Line]
    @(207.01 mm, 33.02 mm): Symbol C9 Pin 2 [Passive, Line]
[pin_to_pin]: Pins of type Unspecified and Passive are connected
    ; warning
    @(184.15 mm, 36.83 mm): Symbol U2 Pin 16 [GHB, Unspecified, Line]
    @(30.48 mm, 109.22 mm): Symbol R6 Pin 1 [Passive, Line]
[pin_to_pin]: Pins of type Unspecified and Passive are connected
    ; warning
    @(184.15 mm, 39.37 mm): Symbol U2 Pin 15 [SHB, Unspecified, Line]
    @(207.01 mm, 40.64 mm): Symbol C9 Pin 1 [Passive, Line]
[pin_to_pin]: Pins of type Unspecified and Passive are connected
    ; warning
    @(184.15 mm, 41.91 mm): Symbol U2 Pin 14 [BSTC, Unspecified, Line]
    @(207.01 mm, 41.91 mm): Symbol C10 Pin 2 [Passive, Line]
[pin_to_pin]: Pins of type Unspecified and Passive are connected
    ; warning
    @(184.15 mm, 44.45 mm): Symbol U2 Pin 13 [GHC, Unspecified, Line]
    @(30.48 mm, 160.02 mm): Symbol R8 Pin 1 [Passive, Line]
[pin_to_pin]: Pins of type Unspecified and Passive are connected
    ; warning
    @(184.15 mm, 46.99 mm): Symbol U2 Pin 12 [SHC, Unspecified, Line]
    @(207.01 mm, 49.53 mm): Symbol C10 Pin 1 [Passive, Line]
[pin_to_pin]: Pins of type Unspecified and Passive are connected
    ; warning
    @(184.15 mm, 49.53 mm): Symbol U2 Pin 11 [GLA, Unspecified, Line]
    @(30.48 mm, 82.55 mm): Symbol R5 Pin 1 [Passive, Line]
[pin_to_pin]: Pins of type Unspecified and Passive are connected
    ; warning
    @(186.69 mm, 104.14 mm): Symbol U1 Pin 8 [PA0, Unspecified, Line]
    @(207.01 mm, 96.52 mm): Symbol C32 Pin 1 [Passive, Line]
[pin_to_pin]: Pins of type Unspecified and Passive are connected
    ; warning
    @(186.69 mm, 106.68 mm): Symbol U1 Pin 9 [PA1, Unspecified, Line]
    @(207.01 mm, 105.41 mm): Symbol C33 Pin 1 [Passive, Line]
[pin_to_pin]: Pins of type Unspecified and Unspecified are connected
    ; warning
    @(186.69 mm, 109.22 mm): Symbol U1 Pin 10 [PA2, Unspecified, Line]
    @(381.00 mm, 115.57 mm): Symbol U6 Pin 20 [RXD, Unspecified, Line]
[pin_to_pin]: Pins of type Unspecified and Unspecified are connected
    ; warning
    @(186.69 mm, 111.76 mm): Symbol U1 Pin 11 [PA3, Unspecified, Line]
    @(381.00 mm, 113.03 mm): Symbol U6 Pin 21 [TXD, Unspecified, Line]
[pin_to_pin]: Pins of type Unspecified and Passive are connected
    ; warning
    @(186.69 mm, 116.84 mm): Symbol U1 Pin 13 [PA5, Unspecified, Line]
    @(207.01 mm, 116.84 mm): Symbol C29 Pin 1 [Passive, Line]
[pin_to_pin]: Pins of type Unspecified and Passive are connected
    ; warning
    @(186.69 mm, 119.38 mm): Symbol U1 Pin 14 [PA6, Unspecified, Line]
    @(215.90 mm, 119.38 mm): Symbol C30 Pin 1 [Passive, Line]
[pin_to_pin]: Pins of type Unspecified and Passive are connected
    ; warning
    @(186.69 mm, 121.92 mm): Symbol U1 Pin 15 [PA7, Unspecified, Line]
    @(207.01 mm, 121.92 mm): Symbol C31 Pin 1 [Passive, Line]
[pin_to_pin]: Pins of type Unspecified and Unspecified are connected
    ; warning
    @(186.69 mm, 124.46 mm): Symbol U1 Pin 30 [PA8, Unspecified, Line]
    @(161.29 mm, 26.67 mm): Symbol U2 Pin 1 [INHA, Unspecified, Line]
[pin_to_pin]: Pins of type Unspecified and Unspecified are connected
    ; warning
    @(186.69 mm, 127.00 mm): Symbol U1 Pin 31 [PA9, Unspecified, Line]
    @(161.29 mm, 29.21 mm): Symbol U2 Pin 2 [INHB, Unspecified, Line]
[pin_to_pin]: Pins of type Unspecified and Unspecified are connected
    ; warning
    @(186.69 mm, 129.54 mm): Symbol U1 Pin 32 [PA10, Unspecified, Line]
    @(161.29 mm, 31.75 mm): Symbol U2 Pin 3 [INHC, Unspecified, Line]
[pin_to_pin]: Pins of type Unspecified and Passive are connected
    ; warning
    @(186.69 mm, 142.24 mm): Symbol U1 Pin 38 [PA15, Unspecified, Line]
    @(205.74 mm, 142.24 mm): Symbol R16 Pin 1 [Passive, Line]
[pin_to_pin]: Pins of type Unspecified and Unspecified are connected
    ; warning
    @(186.69 mm, 149.86 mm): Symbol U1 Pin 17 [PB0, Unspecified, Line]
    @(161.29 mm, 36.83 mm): Symbol U2 Pin 5 [INLB, Unspecified, Line]
[pin_to_pin]: Pins of type Unspecified and Unspecified are connected
    ; warning
    @(186.69 mm, 152.40 mm): Symbol U1 Pin 18 [PB1, Unspecified, Line]
    @(161.29 mm, 39.37 mm): Symbol U2 Pin 6 [INLC, Unspecified, Line]
[pin_to_pin]: Pins of type Unspecified and Unspecified are connected
    ; warning
    @(186.69 mm, 154.94 mm): Symbol U1 Pin 19 [PB2, Unspecified, Line]
    @(161.29 mm, 34.29 mm): Symbol U2 Pin 4 [INLA, Unspecified, Line]
[pin_to_pin]: Pins of type Unspecified and Passive are connected
    ; warning
    @(186.69 mm, 170.18 mm): Symbol U1 Pin 46 [PB8-BOOT0, Unspecified, Line]
    @(201.93 mm, 170.18 mm): Symbol R17 Pin 1 [Passive, Line]
[pin_to_pin]: Pins of type Unspecified and Passive are connected
    ; warning
    @(186.69 mm, 175.26 mm): Symbol U1 Pin 22 [PB10, Unspecified, Line]
    @(210.82 mm, 177.80 mm): Symbol TH1 Pin 1 [Passive, Line]
[pin_to_pin]: Pins of type Unspecified and Unspecified are connected
    ; warning
    @(186.69 mm, 177.80 mm): Symbol U1 Pin 24 [PB11, Unspecified, Line]
    @(49.53 mm, 264.16 mm): Symbol U7 Pin 4 [RXD, Unspecified, Line]
[pin_to_pin]: Pins of type Unspecified and Unspecified are connected
    ; warning
    @(186.69 mm, 180.34 mm): Symbol U1 Pin 25 [PB12, Unspecified, Line]
    @(49.53 mm, 256.54 mm): Symbol U7 Pin 1 [TXD, Unspecified, Line]
[pin_to_pin]: Pins of type Unspecified and Passive are connected
    ; warning
    @(186.69 mm, 185.42 mm): Symbol U1 Pin 27 [PB14, Unspecified, Line]
    @(203.20 mm, 186.69 mm): Symbol R26 Pin 1 [Passive, Line]
[isolated_pin_label]: Label connected to only one pin
    ; warning
    @(195.58 mm, 137.16 mm): Label 'SWDIO'
[isolated_pin_label]: Label connected to only one pin
    ; warning
    @(195.58 mm, 139.70 mm): Label 'SWCLK'
[pin_to_pin]: Pins of type Unspecified and Power input are connected
    ; warning
    @(200.66 mm, 247.65 mm): Symbol J2 Pin 1 [1, Unspecified, Line]
    @(196.85 mm, 238.76 mm): Symbol #PWR038 Pin 1 [Power input, Line]
[pin_to_pin]: Pins of type Unspecified and Unspecified are connected
    ; warning
    @(200.66 mm, 250.19 mm): Symbol J2 Pin 2 [2, Unspecified, Line]
    @(186.69 mm, 132.08 mm): Symbol U1 Pin 33 [PA11, Unspecified, Line]
[pin_to_pin]: Pins of type Unspecified and Unspecified are connected
    ; warning
    @(200.66 mm, 252.73 mm): Symbol J2 Pin 3 [3, Unspecified, Line]
    @(186.69 mm, 109.22 mm): Symbol U1 Pin 10 [PA2, Unspecified, Line]
[pin_to_pin]: Pins of type Unspecified and Unspecified are connected
    ; warning
    @(200.66 mm, 255.27 mm): Symbol J2 Pin 4 [4, Unspecified, Line]
    @(186.69 mm, 114.30 mm): Symbol U1 Pin 12 [PA4, Unspecified, Line]
[pin_to_pin]: Pins of type Unspecified and Unspecified are connected
    ; warning
    @(200.66 mm, 257.81 mm): Symbol J2 Pin 5 [5, Unspecified, Line]
    @(123.19 mm, 245.11 mm): Symbol U9 Pin 1 [1, Unspecified, Line]
[pin_to_pin]: Pins of type Unspecified and Unspecified are connected
    ; warning
    @(200.66 mm, 260.35 mm): Symbol J2 Pin 6 [6, Unspecified, Line]
    @(123.19 mm, 260.35 mm): Symbol U9 Pin 2 [2, Unspecified, Line]
[pin_to_pin]: Pins of type Unspecified and Power input are connected
    ; warning
    @(210.82 mm, 242.57 mm): Symbol J2 Pin 8 [8, Unspecified, Line]
    @(215.90 mm, 238.76 mm): Symbol #PWR039 Pin 1 [Power input, Line]
[pin_to_pin]: Pins of type Unspecified and Power input are connected
    ; warning
    @(210.82 mm, 265.43 mm): Symbol J2 Pin 7 [7, Unspecified, Line]
    @(213.36 mm, 269.24 mm): Symbol #PWR040 Pin 1 [Power input, Line]
[multiple_net_names]: Both GND and R2_Kelvin (-) are attached to the same items; GND will be used in the netlist
    ; warning
    @(339.09 mm, 171.45 mm): Symbol #PWR018 Pin 1 [Power input, Line]
    @(232.41 mm, 127.00 mm): Label 'R2_Kelvin (-)'
[pin_to_pin]: Pins of type Unspecified and Unspecified are connected
    ; warning
    @(279.40 mm, 224.79 mm): Symbol U5 Pin 1 [VIN, Unspecified, Line]
    @(279.40 mm, 229.87 mm): Symbol U5 Pin 3 [EN, Unspecified, Line]
[pin_to_pin]: Pins of type Unspecified and Power input are connected
    ; warning
    @(279.40 mm, 227.33 mm): Symbol U5 Pin 2 [GND, Unspecified, Line]
    @(266.70 mm, 227.33 mm): Symbol #PWR024 Pin 1 [Power input, Line]
[pin_to_pin]: Pins of type Unspecified and Passive are connected
    ; warning
    @(279.40 mm, 229.87 mm): Symbol U5 Pin 3 [EN, Unspecified, Line]
    @(262.89 mm, 226.06 mm): Symbol C26 Pin 1 [Passive, Line]
[pin_to_pin]: Pins of type Unspecified and Passive are connected
    ; warning
    @(304.80 mm, 224.79 mm): Symbol U5 Pin 5 [VOUT, Unspecified, Line]
    @(308.61 mm, 224.79 mm): Symbol C27 Pin 1 [Passive, Line]
[pin_to_pin]: Pins of type Unspecified and Passive are connected
    ; warning
    @(320.04 mm, 224.79 mm): Symbol FB1 Pin 1 [1, Unspecified, Line]
    @(308.61 mm, 224.79 mm): Symbol C27 Pin 1 [Passive, Line]
[pin_to_pin]: Pins of type Unspecified and Unspecified are connected
    ; warning
    @(320.04 mm, 240.03 mm): Symbol FB1 Pin 2 [2, Unspecified, Line]
    @(138.43 mm, 144.78 mm): Symbol U1 Pin 20 [VREF+, Unspecified, Line]
[pin_to_pin]: Pins of type Unspecified and Power input are connected
    ; warning
    @(323.85 mm, 181.61 mm): Symbol U3 Pin 1 [PGND, Unspecified, Line]
    @(321.31 mm, 176.53 mm): Symbol #PWR017 Pin 1 [Power input, Line]
[pin_to_pin]: Pins of type Unspecified and Unspecified are connected
    ; warning
    @(323.85 mm, 184.15 mm): Symbol U3 Pin 2 [VIN, Unspecified, Line]
    @(323.85 mm, 186.69 mm): Symbol U3 Pin 3 [EN, Unspecified, Line]
[pin_to_pin]: Pins of type Unspecified and Passive are connected
    ; warning
    @(323.85 mm, 186.69 mm): Symbol U3 Pin 3 [EN, Unspecified, Line]
    @(314.96 mm, 184.15 mm): Symbol C20 Pin 1 [Passive, Line]
[pin_to_pin]: Pins of type Unspecified and Power input are connected
    ; warning
    @(332.74 mm, 107.95 mm): Symbol U6 Pin 2 [GND, Unspecified, Line]
    @(330.20 mm, 107.95 mm): Symbol #PWR013 Pin 1 [Power input, Line]
[pin_to_pin]: Pins of type Unspecified and Input are connected
    ; warning
    @(332.74 mm, 110.49 mm): Symbol U6 Pin 3 [D+, Unspecified, Line]
    @(302.26 mm, 30.48 mm): Symbol U8 Pin 6 [6, Input, Line]
[pin_to_pin]: Pins of type Unspecified and Input are connected
    ; warning
    @(332.74 mm, 113.03 mm): Symbol U6 Pin 4 [D-, Unspecified, Line]
    @(302.26 mm, 45.72 mm): Symbol U8 Pin 4 [4, Input, Line]
[pin_to_pin]: Pins of type Unspecified and Unspecified are connected
    ; warning
    @(332.74 mm, 115.57 mm): Symbol U6 Pin 5 [VIO, Unspecified, Line]
    @(332.74 mm, 118.11 mm): Symbol U6 Pin 6 [VDD, Unspecified, Line]
[pin_to_pin]: Pins of type Unspecified and Unspecified are connected
    ; warning
    @(332.74 mm, 118.11 mm): Symbol U6 Pin 6 [VDD, Unspecified, Line]
    @(332.74 mm, 125.73 mm): Symbol U6 Pin 9 [RSTb, Unspecified, Line]
[pin_to_pin]: Pins of type Unspecified and Passive are connected
    ; warning
    @(332.74 mm, 120.65 mm): Symbol U6 Pin 7 [VREGIN, Unspecified, Line]
    @(328.93 mm, 54.61 mm): Symbol D2 Pin 1 [K, Passive, Line]
[pin_to_pin]: Pins of type Unspecified and Passive are connected
    ; warning
    @(332.74 mm, 123.19 mm): Symbol U6 Pin 8 [VBUS, Unspecified, Line]
    @(336.55 mm, 54.61 mm): Symbol D2 Pin 2 [A, Passive, Line]
[pin_to_pin]: Pins of type Unspecified and Passive are connected
    ; warning
    @(332.74 mm, 125.73 mm): Symbol U6 Pin 9 [RSTb, Unspecified, Line]
    @(320.04 mm, 118.11 mm): Symbol C11 Pin 2 [Passive, Line]
[pin_to_pin]: Pins of type Unspecified and Power input are connected
    ; warning
    @(335.28 mm, 176.53 mm): Symbol U3 Pin 9 [PAD, Unspecified, Line]
    @(339.09 mm, 171.45 mm): Symbol #PWR018 Pin 1 [Power input, Line]
[pin_to_pin]: Pins of type Unspecified and Passive are connected
    ; warning
    @(346.71 mm, 181.61 mm): Symbol U3 Pin 8 [SW, Unspecified, Line]
    @(367.03 mm, 184.15 mm): Symbol C18 Pin 1 [Passive, Line]
[pin_to_pin]: Pins of type Unspecified and Passive are connected
    ; warning
    @(346.71 mm, 184.15 mm): Symbol U3 Pin 7 [BOOT, Unspecified, Line]
    @(359.41 mm, 184.15 mm): Symbol C18 Pin 2 [Passive, Line]
[pin_to_pin]: Pins of type Unspecified and Passive are connected
    ; warning
    @(346.71 mm, 186.69 mm): Symbol U3 Pin 6 [VCC, Unspecified, Line]
    @(364.49 mm, 186.69 mm): Symbol C23 Pin 2 [Passive, Line]
[pin_to_pin]: Pins of type Unspecified and Passive are connected
    ; warning
    @(346.71 mm, 189.23 mm): Symbol U3 Pin 5 [FB, Unspecified, Line]
    @(391.16 mm, 189.23 mm): Symbol R36 Pin 2 [Passive, Line]
[pin_to_pin]: Pins of type Unspecified and Power input are connected
    ; warning
    @(353.06 mm, 34.29 mm): Symbol J1 Pin B1 [GND, Unspecified, Line]
    @(347.98 mm, 34.29 mm): Symbol #PWR02 Pin 1 [Power input, Line]
[pin_to_pin]: Pins of type Unspecified and Unspecified are connected
    ; warning
    @(353.06 mm, 41.91 mm): Symbol J1 Pin B4 [VBUS, Unspecified, Line]
    @(353.06 mm, 54.61 mm): Symbol J1 Pin B9 [VBUS, Unspecified, Line]
[pin_to_pin]: Pins of type Unspecified and Passive are connected
    ; warning
    @(353.06 mm, 44.45 mm): Symbol J1 Pin B5 [CC2, Unspecified, Line]
    @(341.63 mm, 44.45 mm): Symbol R34 Pin 2 [Passive, Line]
[pin_to_pin]: Pins of type Unspecified and Input are connected
    ; warning
    @(353.06 mm, 46.99 mm): Symbol J1 Pin B6 [DP2, Unspecified, Line]
    @(302.26 mm, 30.48 mm): Symbol U8 Pin 6 [6, Input, Line]
[pin_to_pin]: Pins of type Unspecified and Input are connected
    ; warning
    @(353.06 mm, 49.53 mm): Symbol J1 Pin B7 [DN2, Unspecified, Line]
    @(302.26 mm, 45.72 mm): Symbol U8 Pin 4 [4, Input, Line]
[pin_to_pin]: Pins of type Unspecified and Passive are connected
    ; warning
    @(353.06 mm, 54.61 mm): Symbol J1 Pin B9 [VBUS, Unspecified, Line]
    @(336.55 mm, 54.61 mm): Symbol D2 Pin 2 [A, Passive, Line]
[pin_to_pin]: Pins of type Unspecified and Power input are connected
    ; warning
    @(353.06 mm, 62.23 mm): Symbol J1 Pin B12 [GND, Unspecified, Line]
    @(347.98 mm, 62.23 mm): Symbol #PWR03 Pin 1 [Power input, Line]
[pin_to_pin]: Pins of type Unspecified and Passive are connected
    ; warning
    @(358.14 mm, 180.34 mm): Symbol L1 Pin 1 [1, Unspecified, Line]
    @(367.03 mm, 184.15 mm): Symbol C18 Pin 1 [Passive, Line]
[pin_to_pin]: Pins of type Unspecified and Power input are connected
    ; warning
    @(363.22 mm, 29.21 mm): Symbol J1 Pin 4 [EH, Unspecified, Line]
    @(360.68 mm, 25.40 mm): Symbol #PWR06 Pin 1 [Power input, Line]
[pin_to_pin]: Pins of type Unspecified and Power input are connected
    ; warning
    @(363.22 mm, 67.31 mm): Symbol J1 Pin 2 [EH, Unspecified, Line]
    @(360.68 mm, 67.31 mm): Symbol #PWR08 Pin 1 [Power input, Line]
[pin_to_pin]: Pins of type Unspecified and Unspecified are connected
    ; warning
    @(365.76 mm, 29.21 mm): Symbol J1 Pin 3 [EH, Unspecified, Line]
    @(363.22 mm, 29.21 mm): Symbol J1 Pin 4 [EH, Unspecified, Line]
[pin_to_pin]: Pins of type Unspecified and Power input are connected
    ; warning
    @(365.76 mm, 67.31 mm): Symbol J1 Pin 1 [EH, Unspecified, Line]
    @(368.30 mm, 67.31 mm): Symbol #PWR09 Pin 1 [Power input, Line]
[pin_to_pin]: Pins of type Unspecified and Passive are connected
    ; warning
    @(368.30 mm, 180.34 mm): Symbol L1 Pin 2 [2, Unspecified, Line]
    @(369.57 mm, 173.99 mm): Symbol C21 Pin 2 [Passive, Line]
[pin_to_pin]: Pins of type Unspecified and Power input are connected
    ; warning
    @(375.92 mm, 34.29 mm): Symbol J1 Pin A12 [GND, Unspecified, Line]
    @(381.00 mm, 34.29 mm): Symbol #PWR05 Pin 1 [Power input, Line]
[pin_to_pin]: Pins of type Unspecified and Unspecified are connected
    ; warning
    @(375.92 mm, 41.91 mm): Symbol J1 Pin A9 [VBUS, Unspecified, Line]
    @(353.06 mm, 41.91 mm): Symbol J1 Pin B4 [VBUS, Unspecified, Line]
[pin_to_pin]: Pins of type Unspecified and Unspecified are connected
    ; warning
    @(375.92 mm, 46.99 mm): Symbol J1 Pin A7 [DN1, Unspecified, Line]
    @(353.06 mm, 49.53 mm): Symbol J1 Pin B7 [DN2, Unspecified, Line]
[pin_to_pin]: Pins of type Unspecified and Unspecified are connected
    ; warning
    @(375.92 mm, 49.53 mm): Symbol J1 Pin A6 [DP1, Unspecified, Line]
    @(353.06 mm, 46.99 mm): Symbol J1 Pin B6 [DP2, Unspecified, Line]
[pin_to_pin]: Pins of type Unspecified and Passive are connected
    ; warning
    @(375.92 mm, 52.07 mm): Symbol J1 Pin A5 [CC1, Unspecified, Line]
    @(389.89 mm, 52.07 mm): Symbol R33 Pin 1 [Passive, Line]
[pin_to_pin]: Pins of type Unspecified and Unspecified are connected
    ; warning
    @(375.92 mm, 54.61 mm): Symbol J1 Pin A4 [VBUS, Unspecified, Line]
    @(375.92 mm, 41.91 mm): Symbol J1 Pin A9 [VBUS, Unspecified, Line]
[pin_to_pin]: Pins of type Unspecified and Power input are connected
    ; warning
    @(375.92 mm, 62.23 mm): Symbol J1 Pin A1 [GND, Unspecified, Line]
    @(381.00 mm, 62.23 mm): Symbol #PWR04 Pin 1 [Power input, Line]
[pin_to_pin]: Pins of type Unspecified and Power input are connected
    ; warning
    @(381.00 mm, 102.87 mm): Symbol U6 Pin 25 [GND, Unspecified, Line]
    @(386.08 mm, 102.87 mm): Symbol #PWR015 Pin 1 [Power input, Line]
[pin_to_pin]: Pins of type Unspecified and Power input are connected
    ; warning
    @(381.00 mm, 120.65 mm): Symbol U6 Pin 18 [CTS, Unspecified, Line]
    @(384.81 mm, 120.65 mm): Symbol #PWR014 Pin 1 [Power input, Line]

 ** ERC messages: 155  Errors 6  Warnings 149

 ** Ignored checks:
    - Global label only appears once in the schematic
    - Four connection points are joined together
    - SPICE model issue
    - Assigned footprint doesn't match footprint filters
